lpc17xx_gpio.c:170:6:GPIO_SetDir	0	static
lpc17xx_gpio.c:201:6:GPIO_SetValue	0	static
lpc17xx_gpio.c:224:6:GPIO_ClearValue	0	static
lpc17xx_gpio.c:241:10:GPIO_ReadValue	0	static
lpc17xx_gpio.c:262:6:GPIO_IntCmd	0	static
lpc17xx_gpio.c:290:17:GPIO_GetIntStatus	0	static
lpc17xx_gpio.c:311:6:GPIO_ClearInt	0	static
lpc17xx_gpio.c:328:6:FIO_SetDir	0	static
lpc17xx_gpio.c:336:6:FIO_SetValue	0	static
lpc17xx_gpio.c:344:6:FIO_ClearValue	0	static
lpc17xx_gpio.c:352:10:FIO_ReadValue	0	static
lpc17xx_gpio.c:360:6:FIO_IntCmd	0	static
lpc17xx_gpio.c:368:17:FIO_GetIntStatus	0	static
lpc17xx_gpio.c:376:6:FIO_ClearInt	0	static
lpc17xx_gpio.c:398:6:FIO_SetMask	0	static
lpc17xx_gpio.c:430:6:FIO_HalfWordSetDir	8	static
lpc17xx_gpio.c:479:6:FIO_HalfWordSetMask	8	static
lpc17xx_gpio.c:523:6:FIO_HalfWordSetValue	0	static
lpc17xx_gpio.c:553:6:FIO_HalfWordClearValue	0	static
lpc17xx_gpio.c:578:10:FIO_HalfWordReadValue	0	static
lpc17xx_gpio.c:611:6:FIO_ByteSetDir	8	static
lpc17xx_gpio.c:649:6:FIO_ByteSetMask	8	static
lpc17xx_gpio.c:683:6:FIO_ByteSetValue	0	static
lpc17xx_gpio.c:708:6:FIO_ByteClearValue	0	static
lpc17xx_gpio.c:728:9:FIO_ByteReadValue	0	static
